Execute.Sql(@"/* Statement #1 in 'sample2.sql' */
	INSERT INTO Production.UnitMeasure
	VALUES (N'FT2', N'Square Feet ', '20080923'), (N'Y', N'Yards', '20080923'), (N'Y3', N'Cubic Yards', '20080923');");
Execute.Sql(@"/* Statement #2 in 'sample2.sql' */
	INSERT INTO Production.UnitMeasure (Name, UnitMeasureCode, ModifiedDate)
	VALUES (N'Square Yards', N'Y2', GETDATE());");
