
Execute.ScriptsInNestedDirectories(".").WithTag(this.GetDbTag()).WithGos();
